components/animated-texture-canvas.tsx(33,14): error TS2339: Property 'defines' does not exist on type 'MeshBasicMaterial'.
components/floating-shoe-3d.tsx(48,5): error TS2339: Property 'group' does not exist on type 'JSX.IntrinsicElements'.
components/floating-shoe-3d.tsx(50,7): error TS2339: Property 'group' does not exist on type 'JSX.IntrinsicElements'.
components/floating-shoe-3d.tsx(52,9): error TS2339: Property 'mesh' does not exist on type 'JSX.IntrinsicElements'.
components/floating-shoe-3d.tsx(53,11): error TS2339: Property 'boxGeometry' does not exist on type 'JSX.IntrinsicElements'.
components/floating-shoe-3d.tsx(54,11): error TS2339: Property 'meshStandardMaterial' does not exist on type 'JSX.IntrinsicElements'.
components/floating-shoe-3d.tsx(55,9): error TS2339: Property 'mesh' does not exist on type 'JSX.IntrinsicElements'.
components/floating-shoe-3d.tsx(58,9): error TS2339: Property 'mesh' does not exist on type 'JSX.IntrinsicElements'.
components/floating-shoe-3d.tsx(59,11): error TS2339: Property 'boxGeometry' does not exist on type 'JSX.IntrinsicElements'.
components/floating-shoe-3d.tsx(60,11): error TS2339: Property 'meshStandardMaterial' does not exist on type 'JSX.IntrinsicElements'.
components/floating-shoe-3d.tsx(61,9): error TS2339: Property 'mesh' does not exist on type 'JSX.IntrinsicElements'.
components/floating-shoe-3d.tsx(64,9): error TS2339: Property 'mesh' does not exist on type 'JSX.IntrinsicElements'.
components/floating-shoe-3d.tsx(65,11): error TS2339: Property 'boxGeometry' does not exist on type 'JSX.IntrinsicElements'.
components/floating-shoe-3d.tsx(66,11): error TS2339: Property 'meshStandardMaterial' does not exist on type 'JSX.IntrinsicElements'.
components/floating-shoe-3d.tsx(67,9): error TS2339: Property 'mesh' does not exist on type 'JSX.IntrinsicElements'.
components/floating-shoe-3d.tsx(70,9): error TS2339: Property 'mesh' does not exist on type 'JSX.IntrinsicElements'.
components/floating-shoe-3d.tsx(71,11): error TS2339: Property 'boxGeometry' does not exist on type 'JSX.IntrinsicElements'.
components/floating-shoe-3d.tsx(72,11): error TS2339: Property 'meshStandardMaterial' does not exist on type 'JSX.IntrinsicElements'.
components/floating-shoe-3d.tsx(73,9): error TS2339: Property 'mesh' does not exist on type 'JSX.IntrinsicElements'.
components/floating-shoe-3d.tsx(76,9): error TS2339: Property 'mesh' does not exist on type 'JSX.IntrinsicElements'.
components/floating-shoe-3d.tsx(77,11): error TS2339: Property 'boxGeometry' does not exist on type 'JSX.IntrinsicElements'.
components/floating-shoe-3d.tsx(78,11): error TS2339: Property 'meshStandardMaterial' does not exist on type 'JSX.IntrinsicElements'.
components/floating-shoe-3d.tsx(79,9): error TS2339: Property 'mesh' does not exist on type 'JSX.IntrinsicElements'.
components/floating-shoe-3d.tsx(82,9): error TS2339: Property 'mesh' does not exist on type 'JSX.IntrinsicElements'.
components/floating-shoe-3d.tsx(83,11): error TS2339: Property 'boxGeometry' does not exist on type 'JSX.IntrinsicElements'.
components/floating-shoe-3d.tsx(84,11): error TS2339: Property 'meshStandardMaterial' does not exist on type 'JSX.IntrinsicElements'.
components/floating-shoe-3d.tsx(85,9): error TS2339: Property 'mesh' does not exist on type 'JSX.IntrinsicElements'.
components/floating-shoe-3d.tsx(89,11): error TS2339: Property 'mesh' does not exist on type 'JSX.IntrinsicElements'.
components/floating-shoe-3d.tsx(90,13): error TS2339: Property 'cylinderGeometry' does not exist on type 'JSX.IntrinsicElements'.
components/floating-shoe-3d.tsx(91,13): error TS2339: Property 'meshStandardMaterial' does not exist on type 'JSX.IntrinsicElements'.
components/floating-shoe-3d.tsx(92,11): error TS2339: Property 'mesh' does not exist on type 'JSX.IntrinsicElements'.
components/floating-shoe-3d.tsx(96,9): error TS2339: Property 'mesh' does not exist on type 'JSX.IntrinsicElements'.
components/floating-shoe-3d.tsx(97,11): error TS2339: Property 'boxGeometry' does not exist on type 'JSX.IntrinsicElements'.
components/floating-shoe-3d.tsx(98,11): error TS2339: Property 'meshStandardMaterial' does not exist on type 'JSX.IntrinsicElements'.
components/floating-shoe-3d.tsx(99,9): error TS2339: Property 'mesh' does not exist on type 'JSX.IntrinsicElements'.
components/floating-shoe-3d.tsx(100,7): error TS2339: Property 'group' does not exist on type 'JSX.IntrinsicElements'.
components/floating-shoe-3d.tsx(103,7): error TS2339: Property 'mesh' does not exist on type 'JSX.IntrinsicElements'.
components/floating-shoe-3d.tsx(104,9): error TS2339: Property 'circleGeometry' does not exist on type 'JSX.IntrinsicElements'.
components/floating-shoe-3d.tsx(105,9): error TS2339: Property 'meshBasicMaterial' does not exist on type 'JSX.IntrinsicElements'.
components/floating-shoe-3d.tsx(106,7): error TS2339: Property 'mesh' does not exist on type 'JSX.IntrinsicElements'.
components/floating-shoe-3d.tsx(107,5): error TS2339: Property 'group' does not exist on type 'JSX.IntrinsicElements'.
components/footer.tsx(12,5): error TS2339: Property 'mesh' does not exist on type 'JSX.IntrinsicElements'.
components/footer.tsx(13,7): error TS2339: Property 'boxGeometry' does not exist on type 'JSX.IntrinsicElements'.
components/footer.tsx(14,7): error TS2339: Property 'meshStandardMaterial' does not exist on type 'JSX.IntrinsicElements'.
components/footer.tsx(15,5): error TS2339: Property 'mesh' does not exist on type 'JSX.IntrinsicElements'.
components/footer.tsx(97,19): error TS2339: Property 'ambientLight' does not exist on type 'JSX.IntrinsicElements'.
components/footer.tsx(98,19): error TS2339: Property 'directionalLight' does not exist on type 'JSX.IntrinsicElements'.
components/footer.tsx(99,19): error TS2339: Property 'pointLight' does not exist on type 'JSX.IntrinsicElements'.
components/footer.tsx(100,19): error TS2339: Property 'pointLight' does not exist on type 'JSX.IntrinsicElements'.
components/helmet-3d-model.tsx(62,5): error TS2339: Property 'group' does not exist on type 'JSX.IntrinsicElements'.
components/helmet-3d-model.tsx(63,7): error TS2339: Property 'primitive' does not exist on type 'JSX.IntrinsicElements'.
components/helmet-3d-model.tsx(64,5): error TS2339: Property 'group' does not exist on type 'JSX.IntrinsicElements'.
components/smooth-scroll.tsx(18,7): error TS2353: Object literal may only specify known properties, and 'smoothTouch' does not exist in type 'LenisOptions'.
